// Jest Snapshot v1, https://goo.gl/fbAQLP

exports[`Details page should render without issues 1`] = `<div />`;
